// Jest Snapshot v1, https://goo.gl/fbAQLP

exports[`RadioButtonGroup renders properly 1`] = `
<View
  accessibilityRole="radiogroup"
>
  <View
    accessibilityLiveRegion="polite"
    accessibilityRole="radio"
    accessibilityState={
      Object {
        "checked": true,
        "disabled": undefined,
      }
    }
    accessible={true}
    focusable={true}
    onClick={[Function]}
    onResponderGrant={[Function]}
    onResponderMove={[Function]}
    onResponderRelease={[Function]}
    onResponderTerminate={[Function]}
    onResponderTerminationRequest={[Function]}
    onStartShouldSetResponder={[Function]}
    style={
      Array [
        Object {
          "overflow": "hidden",
        },
        Object {
          "borderRadius": 18,
          "padding": 6,
        },
      ]
    }
  >
    <View
      style={
        Object {
          "opacity": 1,
        }
      }
    >
      <Text
        accessibilityElementsHidden={true}
        allowFontScaling={false}
        importantForAccessibility="no-hide-descendants"
        pointerEvents="none"
        selectable={false}
        style={
          Array [
            Object {
              "backgroundColor": "transparent",
            },
            Object {
              "color": "#03dac4",
              "fontSize": 24,
            },
          ]
        }
      >
        â–¡
      </Text>
    </View>
  </View>
</View>
`;
