// Jest Snapshot v1, https://goo.gl/fbAQLP

exports[`renders avatar with icon 1`] = `
<View
  style={
    Array [
      Object {
        "backgroundColor": "#6200ee",
        "borderRadius": 32,
        "height": 64,
        "width": 64,
      },
      Object {
        "alignItems": "center",
        "justifyContent": "center",
      },
      Object {},
    ]
  }
>
  <Text
    accessibilityElementsHidden={true}
    importantForAccessibility="no-hide-descendants"
    pointerEvents="none"
    selectable={false}
    style={
      Array [
        Object {
          "backgroundColor": "transparent",
        },
        Object {
          "color": "#ffffff",
          "fontSize": 38.4,
        },
      ]
    }
  >
    □
  </Text>
</View>
`;

exports[`renders avatar with icon and custom background color 1`] = `
<View
  style={
    Array [
      Object {
        "backgroundColor": "#f44336",
        "borderRadius": 32,
        "height": 64,
        "width": 64,
      },
      Object {
        "alignItems": "center",
        "justifyContent": "center",
      },
      Object {},
    ]
  }
>
  <Text
    accessibilityElementsHidden={true}
    importantForAccessibility="no-hide-descendants"
    pointerEvents="none"
    selectable={false}
    style={
      Array [
        Object {
          "backgroundColor": "transparent",
        },
        Object {
          "color": "#ffffff",
          "fontSize": 38.4,
        },
      ]
    }
  >
    □
  </Text>
</View>
`;

exports[`renders avatar with image 1`] = `
<View
  style={
    Array [
      Object {
        "backgroundColor": "#6200ee",
        "borderRadius": 32,
        "height": 64,
        "width": 64,
      },
      undefined,
    ]
  }
>
  <Image
    source={
      Object {
        "src": "avatar.png",
      }
    }
    style={
      Object {
        "borderRadius": 32,
        "height": 64,
        "width": 64,
      }
    }
  />
</View>
`;

exports[`renders avatar with text 1`] = `
<View
  style={
    Array [
      Object {
        "backgroundColor": "#6200ee",
        "borderRadius": 32,
        "height": 64,
        "width": 64,
      },
      Object {
        "alignItems": "center",
        "justifyContent": "center",
      },
      Object {},
    ]
  }
>
  <Text
    numberOfLines={1}
    style={
      Array [
        Object {
          "color": "#000000",
          "fontFamily": "System",
          "fontWeight": "400",
        },
        Object {
          "textAlign": "left",
        },
        Array [
          Object {
            "textAlign": "center",
            "textAlignVertical": "center",
          },
          Object {
            "color": "#ffffff",
            "fontSize": 32,
            "lineHeight": 32,
          },
          undefined,
        ],
      ]
    }
  >
    XD
  </Text>
</View>
`;

exports[`renders avatar with text and custom background color 1`] = `
<View
  style={
    Array [
      Object {
        "backgroundColor": "#f44336",
        "borderRadius": 32,
        "height": 64,
        "width": 64,
      },
      Object {
        "alignItems": "center",
        "justifyContent": "center",
      },
      Object {},
    ]
  }
>
  <Text
    numberOfLines={1}
    style={
      Array [
        Object {
          "color": "#000000",
          "fontFamily": "System",
          "fontWeight": "400",
        },
        Object {
          "textAlign": "left",
        },
        Array [
          Object {
            "textAlign": "center",
            "textAlignVertical": "center",
          },
          Object {
            "color": "#ffffff",
            "fontSize": 32,
            "lineHeight": 32,
          },
          undefined,
        ],
      ]
    }
  >
    XD
  </Text>
</View>
`;

exports[`renders avatar with text and custom colors 1`] = `
<View
  style={
    Array [
      Object {
        "backgroundColor": "#6200ee",
        "borderRadius": 32,
        "height": 64,
        "width": 64,
      },
      Object {
        "alignItems": "center",
        "justifyContent": "center",
      },
      Object {},
    ]
  }
>
  <Text
    numberOfLines={1}
    style={
      Array [
        Object {
          "color": "#000000",
          "fontFamily": "System",
          "fontWeight": "400",
        },
        Object {
          "textAlign": "left",
        },
        Array [
          Object {
            "textAlign": "center",
            "textAlignVertical": "center",
          },
          Object {
            "color": "#FFFFFF",
            "fontSize": 32,
            "lineHeight": 32,
          },
          undefined,
        ],
      ]
    }
  >
    XD
  </Text>
</View>
`;

exports[`renders avatar with text and custom size 1`] = `
<View
  style={
    Array [
      Object {
        "backgroundColor": "#6200ee",
        "borderRadius": 48,
        "height": 96,
        "width": 96,
      },
      Object {
        "alignItems": "center",
        "justifyContent": "center",
      },
      Object {},
    ]
  }
>
  <Text
    numberOfLines={1}
    style={
      Array [
        Object {
          "color": "#000000",
          "fontFamily": "System",
          "fontWeight": "400",
        },
        Object {
          "textAlign": "left",
        },
        Array [
          Object {
            "textAlign": "center",
            "textAlignVertical": "center",
          },
          Object {
            "color": "#ffffff",
            "fontSize": 48,
            "lineHeight": 48,
          },
          undefined,
        ],
      ]
    }
  >
    XD
  </Text>
</View>
`;
